9
0

|       OO | 9
|        OO| 8
| GGGGYYYY | 7
|  RRRRR   | 6
|  R  RR   | 5
| OO RR    | 4
|  OORRVVVV| 3
|   OO  YY | 2
|    OO  YY| 1
 ----------
