9
3

|  BB      | 9
|  BB      | 8
|   BB     | 7
|   BB     | 6
|    BB    | 5
|    BB    | 4
|OOGGG     | 3
| OOGRRRR  | 2
|GGGBB     | 1
 ----------
