92
1

|    RRRRRR| 92
|    YYY RR| 91
|RRRR Y  YY| 90
|YYY YYYYYY| 89
|Y      OOO| 88
|YYYYGGG O | 87
|  OOOG OOO| 86
|OOOOOOO O | 85
| OBBBO OOO| 84
|BBBB    O | 83
| BYYY  OOO| 82
|   Y    O | 81
| RRR   OOO| 80
|  R     O | 79
|VVV    OOO| 78
| V      O | 77
|OOO    OOO| 76
| OOOO   O | 75
|BBBO   OOO| 74
| B      O | 73
| YYY  VVV | 72
|  Y    V  | 71
|  RRR BBB | 70
|   RVVVB  | 69
|RRR  VGGG | 68
| R     G  | 67
| RRR  VVV | 66
|  RRRR V  | 65
|    R YYY | 64
|    RRRY  | 63
|     R    | 62
|     RRR  | 61
|  OOO R   | 60
|   O  RRR | 59
| BBB   R  | 58
|  B  RRR  | 57
|YYY   R   | 56
| Y    RRR | 55
|GGG    R  | 54
| G   OOO  | 53
|VVV   O   | 52
| V  BBB   | 51
|OOO  B    | 50
| O YYY    | 49
| BBBY     | 48
|  B       | 47
|  YYY     | 46
|   Y   BBB| 45
|   RRR  B | 44
|    R YYY | 43
|    GGGY  | 42
|     G    | 41
|     VVV  | 40
|      V   | 39
|      OOO | 38
|       O  | 37
|      BBB | 36
|       B  | 35
|      YYY | 34
|       Y  | 33
|     RRR  | 32
|      R   | 31
|    GGG   | 30
|     G    | 29
|   VVV    | 28
|    V     | 27
|  OOO     | 26
|   O      | 25
| BBB      | 24
|  B  BBB  | 23
|YYY   B   | 22
| Y   VVV  | 21
|BBB   V   | 20
| B    OOO | 19
|YYY    O  | 18
| Y   GGG  | 17
|RRR   G   | 16
| R  BBB   | 15
| VVV B    | 14
|  VYYY    | 13
|    Y     | 12
|BBBYYY    | 11
| B  Y     | 10
|YYY YYYVVV| 9
| Y   Y  V | 8
|RRRRRR OOO| 7
| R  R   O | 6
|VVV GGGGGG| 5
| VVVVG  G | 4
| B   B  B | 3
|YYYYYYVVV | 2
| Y  Y  V  | 1
 ----------
